<!DOCTYPE html>
<html lang="en">
<head>
<meta charset="utf-8"/>
</head>
<body>
<header></header>
<main>
<div class="cards"></div>
<article></article>
</main>
<footer></footer>
</body>
</html>